<div id=\"parent\">\n <div id=\"name\"></div>\n </div>\n <style>\n #parent{\n height:300px;width:400px;background-color:red;\n \n }\n #name{\n height:100px;width:200px;background-color:green;\n }\n </style>
